// Jest Snapshot v1, https://goo.gl/fbAQLP

exports[`NotFound component Should match snapshot 1`] = `
{
  "asFragment": [Function],
  "baseElement": <body>
    <div>
      <div
        class="flex w-[612px] flex-col items-center justify-center"
      >
        <img
          alt="404 Error Image"
          data-nimg="1"
          decoding="async"
          height="354"
          loading="lazy"
          src="/_next/image?url=%2Fimages%2F404.webp&w=1920&q=75"
          srcset="/_next/image?url=%2Fimages%2F404.webp&w=640&q=75 1x, /_next/image?url=%2Fimages%2F404.webp&w=1920&q=75 2x"
          style="color: transparent;"
          width="612"
        />
        <a
          class="h-10 w-[168px] rounded-3xl border-transparent bg-primary-100 py-3 text-center text-xs font-semibold text-foreground-200"
          href="/"
        >
          Back to Home
        </a>
      </div>
    </div>
  </body>,
  "container": <div>
    <div
      class="flex w-[612px] flex-col items-center justify-center"
    >
      <img
        alt="404 Error Image"
        data-nimg="1"
        decoding="async"
        height="354"
        loading="lazy"
        src="/_next/image?url=%2Fimages%2F404.webp&w=1920&q=75"
        srcset="/_next/image?url=%2Fimages%2F404.webp&w=640&q=75 1x, /_next/image?url=%2Fimages%2F404.webp&w=1920&q=75 2x"
        style="color: transparent;"
        width="612"
      />
      <a
        class="h-10 w-[168px] rounded-3xl border-transparent bg-primary-100 py-3 text-center text-xs font-semibold text-foreground-200"
        href="/"
      >
        Back to Home
      </a>
    </div>
  </div>,
  "debug": [Function],
  "findAllByAltText": [Function],
  "findAllByDisplayValue": [Function],
  "findAllByLabelText": [Function],
  "findAllByPlaceholderText": [Function],
  "findAllByRole": [Function],
  "findAllByTestId": [Function],
  "findAllByText": [Function],
  "findAllByTitle": [Function],
  "findByAltText": [Function],
  "findByDisplayValue": [Function],
  "findByLabelText": [Function],
  "findByPlaceholderText": [Function],
  "findByRole": [Function],
  "findByTestId": [Function],
  "findByText": [Function],
  "findByTitle": [Function],
  "getAllByAltText": [Function],
  "getAllByDisplayValue": [Function],
  "getAllByLabelText": [Function],
  "getAllByPlaceholderText": [Function],
  "getAllByRole": [Function],
  "getAllByTestId": [Function],
  "getAllByText": [Function],
  "getAllByTitle": [Function],
  "getByAltText": [Function],
  "getByDisplayValue": [Function],
  "getByLabelText": [Function],
  "getByPlaceholderText": [Function],
  "getByRole": [Function],
  "getByTestId": [Function],
  "getByText": [Function],
  "getByTitle": [Function],
  "queryAllByAltText": [Function],
  "queryAllByDisplayValue": [Function],
  "queryAllByLabelText": [Function],
  "queryAllByPlaceholderText": [Function],
  "queryAllByRole": [Function],
  "queryAllByTestId": [Function],
  "queryAllByText": [Function],
  "queryAllByTitle": [Function],
  "queryByAltText": [Function],
  "queryByDisplayValue": [Function],
  "queryByLabelText": [Function],
  "queryByPlaceholderText": [Function],
  "queryByRole": [Function],
  "queryByTestId": [Function],
  "queryByText": [Function],
  "queryByTitle": [Function],
  "rerender": [Function],
  "unmount": [Function],
}
`;
