// Jest Snapshot v1, https://goo.gl/fbAQLP

exports[`Button Component applies the correct variant classes 1`] = `
<div>
  <button
    class="z-0 group relative inline-flex items-center justify-center box-border appearance-none select-none whitespace-nowrap font-normal subpixel-antialiased overflow-hidden tap-highlight-transparent data-[pressed=true]:scale-[0.97] outline-none data-[focus-visible=true]:z-10 data-[focus-visible=true]:outline-2 data-[focus-visible=true]:outline-focus data-[focus-visible=true]:outline-offset-2 px-6 min-w-24 h-12 gap-3 [&>svg]:max-w-[theme(spacing.8)] transition-transform-colors-opacity motion-reduce:transition-none data-[hover=true]:opacity-hover border-transparent bg-primary-100 text-foreground-200 rounded-3xl w-full max-h-10 py-2.5 text-sm"
    type="button"
  >
    Custom Button
  </button>
</div>
`;
