// Jest Snapshot v1, https://goo.gl/fbAQLP

exports[`BalanceStatistics component should match snapshot for BalanceStatistics 1`] = `
<div>
  <div
    class="flex flex-col relative overflow-hidden text-foreground box-border outline-none data-[focus-visible=true]:z-10 data-[focus-visible=true]:outline-2 data-[focus-visible=true]:outline-focus data-[focus-visible=true]:outline-offset-2 shadow-medium transition-transform-background motion-reduce:transition-none h-auto min-h-[200px] w-full rounded-md bg-background-500 p-4"
    tabindex="-1"
  />
</div>
`;
